
[1;32m-------------------------启动流程开始 2023-01-23 13:23:35-------------------------[0m

-------------------------端口信息-------------------------

[5;34m前端端口 HTTP: 5000[0m


[5;34m防火墙已开放前端 HTTP 端口 5000[0m


[5;34m前端端口 HTTPS: 5001[0m


[5;34m防火墙已开放前端 HTTPS 端口 5001[0m


[5;34m后端端口: 7001[0m

-------------------------密钥生成-------------------------

[1;32m指纹密钥已经存在[0m


[1;32mtoken 已经存在[0m

-------------------------环境检测-------------------------

[1;32mnode 已安装 版本: v16.18.1 推荐的 node 版本为 >= v16.18.1[0m


[1;32mpm2  已安装 版本: 5.2.2[0m


[1;32mfirewalld  已安装 版本: 0.6.3[0m


[1;32m前后端依赖已经下载[0m


[35m进入根目录 /frp/waf[0m


[35m进入前端目录 /frp/waf/express[0m


[35m修改前端执行权限,执行命令 chmod -R 777 express-linux[0m

-------------------------正式启动-------------------------

[35m返回根目录 /frp/waf 启动服务[0m


[35m启动日志存储在 /frp/waf/shell.log[0m


[1;32m正在检测是否存在已经启动过服务成功[0m


[1;32m服务启动成功[0m


[5;34m前端 HTTP: 本机IP:5000[0m


[5;34m前端 HTTPS: 本机IP:5001 (未部署 HTTPS 请访问 HTTP)[0m


[5;34m后端: 本机IP:7001[0m


[1;32m-------------------------启动流程结束 2023-01-23 13:23:57-------------------------[0m

tion at /frp/waf
[egg-scripts] Run node --no-deprecation --trace-warnings /frp/waf/node_modules/egg-scripts/lib/start-cluster {"title":"egg-server","baseDir":"/frp/waf","framework":"/frp/waf/node_modules/egg"} --title=egg-server
[egg-scripts] Save log file to /root/logs
[egg-scripts] Wait Start: 1...
[egg-scripts] Wait Start: 2...
[egg-scripts] Wait Start: 3...
[egg-scripts] Wait Start: 4...
[egg-scripts] egg started on http://0.0.0.0:7001

> express@1.0.0 start:linux
> pm2 start express-linux --name=HttpServer --exp-backoff-restart-delay=1000

[PM2] Applying action restartProcessId on app [express-linux](ids: [ 0 ])
[PM2] [HttpServer](0) ✓
[PM2] Process successfully started
┌─────┬───────────────┬─────────────┬─────────┬─────────┬──────────┬────────┬──────┬───────────┬──────────┬──────────┬──────────┬──────────┐
│ id  │ name          │ namespace   │ version │ mode    │ pid      │ uptime │ ↺    │ status    │ cpu      │ mem      │ user     │ watching │
├─────┼───────────────┼─────────────┼─────────┼─────────┼──────────┼────────┼──────┼───────────┼──────────┼──────────┼──────────┼──────────┤
│ 1   │ FrpServer     │ default     │ N/A     │ fork    │ 1633     │ 20s    │ 0    │ online    │ 11.8%    │ 25.8mb   │ root     │ disabled │
│ 0   │ HttpServer    │ default     │ 1.0.0   │ fork    │ 1946     │ 0s     │ 1    │ online    │ 0%       │ 7.6mb    │ root     │ disabled │
└─────┴───────────────┴─────────────┴─────────┴─────────┴──────────┴────────┴──────┴───────────┴──────────┴──────────┴──────────┴──────────┘
 
------------------------- 2023-01-23 13:23:57 -------------------------

------------------------- 2025-05-11
06:45:51 PM2 Start -------------------------
[PM2][ERROR] Process or Namespace HttpServer not found
┌────┬───────────────┬─────────────┬─────────┬─────────┬──────────┬────────┬──────┬───────────┬──────────┬──────────┬──────────┬──────────┐
│ id │ name          │ namespace   │ version │ mode    │ pid      │ uptime │ ↺    │ status    │ cpu      │ mem      │ user     │ watching │
├────┼───────────────┼─────────────┼─────────┼─────────┼──────────┼────────┼──────┼───────────┼──────────┼──────────┼──────────┼──────────┤
│ 0  │ HttpServer    │ default     │ 1.0.0   │ fork    │ 1723478  │ 0s     │ 0    │ online    │ 0%       │ 62.0mb   │ root     │ disabled │
└────┴───────────────┴─────────────┴─────────┴─────────┴──────────┴────────┴──────┴───────────┴──────────┴──────────┴──────────┴──────────┘

------------------------- 2025-05-11
06:45:52 END -------------------------

------------------------- 2025-05-12
22:32:55 PM2 Start -------------------------
[PM2][ERROR] Process or Namespace HttpServer not found
┌────┬───────────────┬─────────────┬─────────┬─────────┬──────────┬────────┬──────┬───────────┬──────────┬──────────┬──────────┬──────────┐
│ id │ name          │ namespace   │ version │ mode    │ pid      │ uptime │ ↺    │ status    │ cpu      │ mem      │ user     │ watching │
├────┼───────────────┼─────────────┼─────────┼─────────┼──────────┼────────┼──────┼───────────┼──────────┼──────────┼──────────┼──────────┤
│ 0  │ HttpServer    │ default     │ 1.0.0   │ fork    │ 26917    │ 0s     │ 0    │ online    │ 0%       │ 50.8mb   │ root     │ disabled │
└────┴───────────────┴─────────────┴─────────┴─────────┴──────────┴────────┴──────┴───────────┴──────────┴──────────┴──────────┴──────────┘

------------------------- 2025-05-12
22:32:56 END -------------------------

------------------------- 2025-05-13
02:42:50 PM2 Start -------------------------
[PM2][ERROR] Process or Namespace HttpServer not found
┌────┬───────────────┬─────────────┬─────────┬─────────┬──────────┬────────┬──────┬───────────┬──────────┬──────────┬──────────┬──────────┐
│ id │ name          │ namespace   │ version │ mode    │ pid      │ uptime │ ↺    │ status    │ cpu      │ mem      │ user     │ watching │
├────┼───────────────┼─────────────┼─────────┼─────────┼──────────┼────────┼──────┼───────────┼──────────┼──────────┼──────────┼──────────┤
│ 0  │ HttpServer    │ default     │ 1.0.0   │ fork    │ 138366   │ 0s     │ 0    │ online    │ 0%       │ 61.8mb   │ root     │ disabled │
└────┴───────────────┴─────────────┴─────────┴─────────┴──────────┴────────┴──────┴───────────┴──────────┴──────────┴──────────┴──────────┘

------------------------- 2025-05-13
02:42:51 END -------------------------
